// Vitest Snapshot v1, https://vitest.dev/guide/snapshot.html

exports[`coach programming metadata > matches captured shape 1`] = `
{
  "conditioning": {
    "buildModSystemPromptName": "buildConditioningModificationSystemPrompt",
    "buildModUserPromptName": "buildConditioningModificationUserPrompt",
    "buildSystemPromptName": "buildConditioningProgramSystemPrompt",
    "buildUserPromptName": "buildConditioningProgramUserPrompt",
    "logLabel": "Conditioning",
    "maxTokens": 8192,
    "modTemperature": 0.4,
    "modifiedKey": "modifiedConditioningSessions",
    "resultKey": "conditioningProgram",
    "schemaName": "ZodObject",
    "schemaShape": [
      "methodologyUsed",
      "programRationale",
      "weeks",
    ],
    "temperature": 0.8,
  },
  "endurance": {
    "buildModSystemPromptName": "buildEnduranceModificationSystemPrompt",
    "buildModUserPromptName": "buildEnduranceModificationUserPrompt",
    "buildSystemPromptName": "buildEnduranceProgramSystemPrompt",
    "buildUserPromptName": "buildEnduranceProgramUserPrompt",
    "logLabel": "Endurance",
    "maxTokens": 8192,
    "modTemperature": 0.4,
    "modifiedKey": "modifiedEnduranceSessions",
    "resultKey": "enduranceProgram",
    "schemaName": "ZodObject",
    "schemaShape": [
      "methodologyUsed",
      "modalitySummary",
      "programRationale",
      "weeks",
    ],
    "temperature": 0.7,
  },
  "hypertrophy": {
    "buildModSystemPromptName": "buildHypertrophyModificationSystemPrompt",
    "buildModUserPromptName": "buildHypertrophyModificationUserPrompt",
    "buildSystemPromptName": "buildHypertrophyProgramSystemPrompt",
    "buildUserPromptName": "buildHypertrophyProgramUserPrompt",
    "logLabel": "Hypertrophy",
    "maxTokens": 8192,
    "modTemperature": 0.4,
    "modifiedKey": "modifiedHypertrophySessions",
    "resultKey": "hypertrophyProgram",
    "schemaName": "ZodObject",
    "schemaShape": [
      "methodologyUsed",
      "programRationale",
      "splitDesign",
      "weeks",
    ],
    "temperature": 0.7,
  },
  "mobility": {
    "buildModSystemPromptName": "buildMobilityModificationSystemPrompt",
    "buildModUserPromptName": "buildMobilityModificationUserPrompt",
    "buildSystemPromptName": "buildMobilityProgramSystemPrompt",
    "buildUserPromptName": "buildMobilityProgramUserPrompt",
    "logLabel": "Mobility",
    "maxTokens": 8192,
    "modTemperature": 0.4,
    "modifiedKey": "modifiedMobilitySessions",
    "resultKey": "mobilityProgram",
    "schemaName": "ZodObject",
    "schemaShape": [
      "methodologyUsed",
      "programRationale",
      "weeks",
    ],
    "temperature": 0.6,
  },
  "strength": {
    "buildModSystemPromptName": "buildStrengthModificationSystemPrompt",
    "buildModUserPromptName": "buildStrengthModificationUserPrompt",
    "buildSystemPromptName": "buildStrengthProgramSystemPrompt",
    "buildUserPromptName": "buildStrengthProgramUserPrompt",
    "logLabel": "Strength",
    "maxTokens": 8192,
    "modTemperature": 0.4,
    "modifiedKey": "modifiedStrengthSessions",
    "resultKey": "strengthProgram",
    "schemaName": "ZodObject",
    "schemaShape": [
      "methodologyUsed",
      "programRationale",
      "splitDesign",
      "weeks",
    ],
    "temperature": 0.7,
  },
}
`;
